*****
train folds are {1, 2, 4, 5} and test fold is {3}

ResNet(num_classes=config.n_classes)
*****

  1%|1            | 1/100 [00:34<56:44, 34.39s/ep] TrnAcc=0.027 ValAcc=0.037 TrnLoss=4.075 ValLoss=3.953 < inf --> checkpoint
Current LR: 0.000044
  2%|2            | 2/100 [00:55<43:49, 26.84s/ep] TrnAcc=0.032 ValAcc=0.047 TrnLoss=3.949 ValLoss=3.850 < 3.953 --> checkpoint
Current LR: 0.000055
  3%|3            | 3/100 [01:17<39:09, 24.22s/ep] TrnAcc=0.031 ValAcc=0.047 TrnLoss=3.890 ValLoss=3.747 < 3.850 --> checkpoint
Current LR: 0.000074
  4%|5            | 4/100 [01:38<37:05, 23.18s/ep] TrnAcc=0.047 ValAcc=0.056 TrnLoss=3.803 ValLoss=3.649 < 3.747 --> checkpoint
Current LR: 0.000100
  5%|6            | 5/100 [02:00<35:44, 22.57s/ep] TrnAcc=0.056 ValAcc=0.091 TrnLoss=3.700 ValLoss=3.492 < 3.649 --> checkpoint
Current LR: 0.000132
  6%|7            | 6/100 [02:21<34:29, 22.02s/ep] TrnAcc=0.070 ValAcc=0.087 TrnLoss=3.612 ValLoss=3.355 < 3.492 --> checkpoint
Current LR: 0.000171
  7%|9            | 7/100 [02:42<33:59, 21.93s/ep] TrnAcc=0.090 ValAcc=0.113 TrnLoss=3.490 ValLoss=3.187 < 3.355 --> checkpoint
Current LR: 0.000215
  8%|#            | 8/100 [03:04<33:23, 21.78s/ep] TrnAcc=0.115 ValAcc=0.141 TrnLoss=3.370 ValLoss=3.140 < 3.187 --> checkpoint
Current LR: 0.000264
  9%|#1           | 9/100 [03:25<32:35, 21.49s/ep] TrnAcc=0.131 ValAcc=0.197 TrnLoss=3.285 ValLoss=2.964 < 3.140 --> checkpoint
Current LR: 0.000317
 10%|#2          | 10/100 [03:46<32:12, 21.48s/ep] TrnAcc=0.176 ValAcc=0.212 TrnLoss=3.121 ValLoss=2.800 < 2.964 --> checkpoint
Current LR: 0.000373
 11%|#3          | 11/100 [04:07<31:37, 21.33s/ep] TrnAcc=0.191 ValAcc=0.206 TrnLoss=3.009 ValLoss=2.776 < 2.800 --> checkpoint
Current LR: 0.000431
 12%|#4          | 12/100 [04:28<31:08, 21.23s/ep] TrnAcc=0.223 ValAcc=0.269 TrnLoss=2.897 ValLoss=2.625 < 2.776 --> checkpoint
Current LR: 0.000491
 13%|#5          | 13/100 [04:50<30:59, 21.38s/ep] TrnAcc=0.238 ValAcc=0.241 TrnLoss=2.771 ValLoss=2.566 < 2.625 --> checkpoint
Current LR: 0.000552
 14%|#6          | 14/100 [05:11<30:31, 21.29s/ep] TrnAcc=0.280 ValAcc=0.250 TrnLoss=2.656 ValLoss=2.600 
Current LR: 0.000612
 15%|#8          | 15/100 [05:32<30:00, 21.18s/ep] TrnAcc=0.284 ValAcc=0.284 TrnLoss=2.539 ValLoss=2.572 
Current LR: 0.000670
 16%|#9          | 16/100 [05:53<29:50, 21.31s/ep] TrnAcc=0.299 ValAcc=0.353 TrnLoss=2.498 ValLoss=2.350 < 2.566 --> checkpoint
Current LR: 0.000726
 17%|##          | 17/100 [06:14<29:20, 21.21s/ep] TrnAcc=0.333 ValAcc=0.350 TrnLoss=2.368 ValLoss=2.240 < 2.350 --> checkpoint
Current LR: 0.000779
 18%|##1         | 18/100 [06:36<29:04, 21.27s/ep] TrnAcc=0.336 ValAcc=0.344 TrnLoss=2.332 ValLoss=2.321 
Current LR: 0.000828
 19%|##2         | 19/100 [06:57<28:50, 21.37s/ep] TrnAcc=0.361 ValAcc=0.400 TrnLoss=2.246 ValLoss=2.121 < 2.240 --> checkpoint
Current LR: 0.000871
 20%|##4         | 20/100 [07:18<28:16, 21.20s/ep] TrnAcc=0.389 ValAcc=0.319 TrnLoss=2.123 ValLoss=2.359 
Current LR: 0.000910
 21%|##5         | 21/100 [07:40<28:00, 21.27s/ep] TrnAcc=0.409 ValAcc=0.441 TrnLoss=2.044 ValLoss=1.930 < 2.121 --> checkpoint
Current LR: 0.000942
 22%|##6         | 22/100 [08:01<27:41, 21.30s/ep] TrnAcc=0.422 ValAcc=0.422 TrnLoss=1.984 ValLoss=1.938 
Current LR: 0.000967
 23%|##7         | 23/100 [08:22<27:11, 21.19s/ep] TrnAcc=0.430 ValAcc=0.450 TrnLoss=1.948 ValLoss=1.851 < 1.930 --> checkpoint
Current LR: 0.000986
 24%|##8         | 24/100 [08:43<26:54, 21.24s/ep] TrnAcc=0.470 ValAcc=0.441 TrnLoss=1.855 ValLoss=2.067 
Current LR: 0.000997
 25%|###         | 25/100 [09:05<26:41, 21.36s/ep] TrnAcc=0.495 ValAcc=0.541 TrnLoss=1.770 ValLoss=1.637 < 1.851 --> checkpoint
Current LR: 0.001000
 26%|###1        | 26/100 [09:26<26:08, 21.20s/ep] TrnAcc=0.513 ValAcc=0.528 TrnLoss=1.686 ValLoss=1.792 
Current LR: 0.001000
 27%|###2        | 27/100 [09:47<25:54, 21.30s/ep] TrnAcc=0.526 ValAcc=0.494 TrnLoss=1.665 ValLoss=1.798 
Current LR: 0.000998
 28%|###3        | 28/100 [10:09<25:40, 21.39s/ep] TrnAcc=0.525 ValAcc=0.409 TrnLoss=1.602 ValLoss=2.541 
Current LR: 0.000996
 29%|###4        | 29/100 [10:30<25:08, 21.24s/ep] TrnAcc=0.551 ValAcc=0.531 TrnLoss=1.549 ValLoss=1.557 < 1.637 --> checkpoint
Current LR: 0.000993
 30%|###6        | 30/100 [10:51<24:46, 21.23s/ep] TrnAcc=0.577 ValAcc=0.578 TrnLoss=1.465 ValLoss=1.537 < 1.557 --> checkpoint
Current LR: 0.000989
 31%|###7        | 31/100 [11:12<24:26, 21.25s/ep] TrnAcc=0.575 ValAcc=0.516 TrnLoss=1.510 ValLoss=1.838 
Current LR: 0.000984
 32%|###8        | 32/100 [11:33<23:58, 21.15s/ep] TrnAcc=0.570 ValAcc=0.328 TrnLoss=1.488 ValLoss=4.973 
Current LR: 0.000978
 33%|###9        | 33/100 [11:55<23:46, 21.29s/ep] TrnAcc=0.590 ValAcc=0.544 TrnLoss=1.383 ValLoss=1.557 
Current LR: 0.000972
 34%|####        | 34/100 [12:16<23:18, 21.18s/ep] TrnAcc=0.598 ValAcc=0.559 TrnLoss=1.358 ValLoss=1.547 
Current LR: 0.000965
 35%|####1       | 35/100 [12:37<22:52, 21.12s/ep] TrnAcc=0.623 ValAcc=0.622 TrnLoss=1.286 ValLoss=1.305 < 1.537 --> checkpoint
Current LR: 0.000956
 36%|####3       | 36/100 [12:58<22:42, 21.28s/ep] TrnAcc=0.637 ValAcc=0.644 TrnLoss=1.256 ValLoss=1.281 < 1.305 --> checkpoint
Current LR: 0.000947
 37%|####4       | 37/100 [13:19<22:14, 21.19s/ep] TrnAcc=0.605 ValAcc=0.566 TrnLoss=1.295 ValLoss=1.485 
Current LR: 0.000938
 38%|####5       | 38/100 [13:40<21:49, 21.13s/ep] TrnAcc=0.638 ValAcc=0.494 TrnLoss=1.235 ValLoss=2.036 
Current LR: 0.000927
 39%|####6       | 39/100 [14:02<21:36, 21.26s/ep] TrnAcc=0.634 ValAcc=0.631 TrnLoss=1.178 ValLoss=1.366 
Current LR: 0.000916
 40%|####8       | 40/100 [14:23<21:09, 21.16s/ep] TrnAcc=0.655 ValAcc=0.606 TrnLoss=1.178 ValLoss=1.337 
Current LR: 0.000904
 41%|####9       | 41/100 [14:44<20:52, 21.24s/ep] TrnAcc=0.681 ValAcc=0.575 TrnLoss=1.070 ValLoss=1.538 
Current LR: 0.000891
 42%|#####       | 42/100 [15:06<20:42, 21.42s/ep] TrnAcc=0.697 ValAcc=0.691 TrnLoss=1.074 ValLoss=1.146 < 1.281 --> checkpoint
Current LR: 0.000878
 43%|#####1      | 43/100 [15:27<20:19, 21.39s/ep] TrnAcc=0.700 ValAcc=0.600 TrnLoss=1.039 ValLoss=1.343 
Current LR: 0.000864
 44%|#####2      | 44/100 [15:49<20:01, 21.45s/ep] TrnAcc=0.699 ValAcc=0.709 TrnLoss=1.028 ValLoss=1.125 < 1.146 --> checkpoint
Current LR: 0.000849
 45%|#####4      | 45/100 [16:11<19:46, 21.58s/ep] TrnAcc=0.709 ValAcc=0.666 TrnLoss=0.976 ValLoss=1.282 
Current LR: 0.000834
 46%|#####5      | 46/100 [16:32<19:16, 21.42s/ep] TrnAcc=0.708 ValAcc=0.716 TrnLoss=0.962 ValLoss=1.102 < 1.125 --> checkpoint
Current LR: 0.000818
 47%|#####6      | 47/100 [16:54<18:58, 21.48s/ep] TrnAcc=0.738 ValAcc=0.731 TrnLoss=0.903 ValLoss=1.073 < 1.102 --> checkpoint
Current LR: 0.000801
 48%|#####7      | 48/100 [17:15<18:39, 21.52s/ep] TrnAcc=0.755 ValAcc=0.556 TrnLoss=0.850 ValLoss=1.568 
Current LR: 0.000784
 49%|#####8      | 49/100 [17:36<18:06, 21.30s/ep] TrnAcc=0.753 ValAcc=0.697 TrnLoss=0.874 ValLoss=1.138 
Current LR: 0.000767
 50%|######      | 50/100 [17:58<17:48, 21.37s/ep] TrnAcc=0.748 ValAcc=0.741 TrnLoss=0.866 ValLoss=0.935 < 1.073 --> checkpoint
Current LR: 0.000749
 51%|######1     | 51/100 [18:19<17:28, 21.41s/ep] TrnAcc=0.757 ValAcc=0.706 TrnLoss=0.819 ValLoss=1.022 
Current LR: 0.000731
 52%|######2     | 52/100 [18:40<16:58, 21.23s/ep] TrnAcc=0.766 ValAcc=0.750 TrnLoss=0.848 ValLoss=1.075 
Current LR: 0.000712
 53%|######3     | 53/100 [19:01<16:39, 21.28s/ep] TrnAcc=0.766 ValAcc=0.706 TrnLoss=0.817 ValLoss=1.110 
Current LR: 0.000693
 54%|######4     | 54/100 [19:23<16:24, 21.40s/ep] TrnAcc=0.779 ValAcc=0.753 TrnLoss=0.799 ValLoss=0.901 < 0.935 --> checkpoint
Current LR: 0.000673
 55%|######6     | 55/100 [19:44<15:58, 21.30s/ep] TrnAcc=0.788 ValAcc=0.762 TrnLoss=0.754 ValLoss=0.881 < 0.901 --> checkpoint
Current LR: 0.000654
 56%|######7     | 56/100 [20:06<15:47, 21.54s/ep] TrnAcc=0.792 ValAcc=0.719 TrnLoss=0.724 ValLoss=1.105 
Current LR: 0.000633
 57%|######8     | 57/100 [20:28<15:26, 21.54s/ep] TrnAcc=0.806 ValAcc=0.750 TrnLoss=0.712 ValLoss=0.869 < 0.881 --> checkpoint
Current LR: 0.000613
 58%|######9     | 58/100 [20:48<14:55, 21.33s/ep] TrnAcc=0.823 ValAcc=0.791 TrnLoss=0.658 ValLoss=0.787 < 0.869 --> checkpoint
Current LR: 0.000593
 59%|#######     | 59/100 [21:10<14:39, 21.46s/ep] TrnAcc=0.812 ValAcc=0.756 TrnLoss=0.669 ValLoss=0.925 
Current LR: 0.000572
 60%|#######2    | 60/100 [21:32<14:19, 21.48s/ep] TrnAcc=0.807 ValAcc=0.769 TrnLoss=0.666 ValLoss=0.889 
Current LR: 0.000551
 61%|#######3    | 61/100 [21:53<13:53, 21.38s/ep] TrnAcc=0.813 ValAcc=0.772 TrnLoss=0.636 ValLoss=0.803 
Current LR: 0.000530
 62%|#######4    | 62/100 [22:15<13:36, 21.49s/ep] TrnAcc=0.821 ValAcc=0.750 TrnLoss=0.636 ValLoss=0.805 
Current LR: 0.000509
 63%|#######5    | 63/100 [22:36<13:16, 21.53s/ep] TrnAcc=0.823 ValAcc=0.781 TrnLoss=0.640 ValLoss=0.868 
Current LR: 0.000488
 64%|#######6    | 64/100 [22:57<12:50, 21.41s/ep] TrnAcc=0.843 ValAcc=0.794 TrnLoss=0.589 ValLoss=0.811 
Current LR: 0.000468
 65%|#######8    | 65/100 [23:19<12:33, 21.54s/ep] TrnAcc=0.837 ValAcc=0.766 TrnLoss=0.591 ValLoss=0.841 
Current LR: 0.000447
 66%|#######9    | 66/100 [23:41<12:11, 21.51s/ep] TrnAcc=0.855 ValAcc=0.756 TrnLoss=0.559 ValLoss=0.913 
Current LR: 0.000426
 67%|########    | 67/100 [24:02<11:45, 21.37s/ep] TrnAcc=0.836 ValAcc=0.803 TrnLoss=0.579 ValLoss=0.774 < 0.787 --> checkpoint
Current LR: 0.000405
 68%|########1   | 68/100 [24:23<11:27, 21.49s/ep] TrnAcc=0.859 ValAcc=0.800 TrnLoss=0.533 ValLoss=0.781 
Current LR: 0.000385
 69%|########2   | 69/100 [24:45<11:03, 21.42s/ep] TrnAcc=0.868 ValAcc=0.800 TrnLoss=0.523 ValLoss=0.735 < 0.774 --> checkpoint
Current LR: 0.000365
 70%|########3   | 70/100 [25:06<10:41, 21.40s/ep] TrnAcc=0.849 ValAcc=0.794 TrnLoss=0.536 ValLoss=0.833 
Current LR: 0.000344
 71%|########5   | 71/100 [25:28<10:26, 21.61s/ep] TrnAcc=0.860 ValAcc=0.816 TrnLoss=0.503 ValLoss=0.689 < 0.735 --> checkpoint
Current LR: 0.000325
 72%|########6   | 72/100 [25:51<10:18, 22.10s/ep] TrnAcc=0.875 ValAcc=0.794 TrnLoss=0.483 ValLoss=0.790 
Current LR: 0.000305
 73%|########7   | 73/100 [26:13<09:51, 21.90s/ep] TrnAcc=0.859 ValAcc=0.809 TrnLoss=0.505 ValLoss=0.709 
Current LR: 0.000286
 74%|########8   | 74/100 [26:35<09:30, 21.93s/ep] TrnAcc=0.887 ValAcc=0.831 TrnLoss=0.457 ValLoss=0.657 < 0.689 --> checkpoint
Current LR: 0.000267
 75%|#########   | 75/100 [26:57<09:06, 21.85s/ep] TrnAcc=0.891 ValAcc=0.828 TrnLoss=0.446 ValLoss=0.654 < 0.657 --> checkpoint
Current LR: 0.000249
 76%|#########1  | 76/100 [27:18<08:40, 21.67s/ep] TrnAcc=0.888 ValAcc=0.822 TrnLoss=0.433 ValLoss=0.636 < 0.654 --> checkpoint
Current LR: 0.000231
 77%|#########2  | 77/100 [27:40<08:19, 21.70s/ep] TrnAcc=0.890 ValAcc=0.812 TrnLoss=0.436 ValLoss=0.707 
Current LR: 0.000214
 78%|#########3  | 78/100 [28:01<07:54, 21.57s/ep] TrnAcc=0.876 ValAcc=0.828 TrnLoss=0.446 ValLoss=0.658 
Current LR: 0.000197
 79%|#########4  | 79/100 [28:22<07:29, 21.41s/ep] TrnAcc=0.877 ValAcc=0.822 TrnLoss=0.435 ValLoss=0.653 
Current LR: 0.000180
 80%|#########6  | 80/100 [28:43<07:09, 21.47s/ep] TrnAcc=0.903 ValAcc=0.825 TrnLoss=0.388 ValLoss=0.669 
Current LR: 0.000165
 81%|#########7  | 81/100 [29:05<06:47, 21.46s/ep] TrnAcc=0.896 ValAcc=0.834 TrnLoss=0.408 ValLoss=0.623 < 0.636 --> checkpoint
Current LR: 0.000149
 82%|#########8  | 82/100 [29:26<06:24, 21.34s/ep] TrnAcc=0.907 ValAcc=0.819 TrnLoss=0.384 ValLoss=0.635 
Current LR: 0.000135
 83%|#########9  | 83/100 [29:47<06:03, 21.36s/ep] TrnAcc=0.912 ValAcc=0.822 TrnLoss=0.387 ValLoss=0.627 
Current LR: 0.000121
 84%|##########  | 84/100 [30:08<05:40, 21.28s/ep] TrnAcc=0.919 ValAcc=0.850 TrnLoss=0.368 ValLoss=0.621 
Current LR: 0.000108
 85%|##########2 | 85/100 [30:30<05:20, 21.34s/ep] TrnAcc=0.900 ValAcc=0.831 TrnLoss=0.399 ValLoss=0.642 
Current LR: 0.000095
 86%|##########3 | 86/100 [30:52<05:00, 21.48s/ep] TrnAcc=0.913 ValAcc=0.838 TrnLoss=0.350 ValLoss=0.616 < 0.623 --> checkpoint
Current LR: 0.000083
 87%|##########4 | 87/100 [31:13<04:38, 21.40s/ep] TrnAcc=0.908 ValAcc=0.825 TrnLoss=0.359 ValLoss=0.589 < 0.616 --> checkpoint
Current LR: 0.000072
 88%|##########5 | 88/100 [31:35<04:17, 21.49s/ep] TrnAcc=0.914 ValAcc=0.847 TrnLoss=0.352 ValLoss=0.611 
Current LR: 0.000061
 89%|##########6 | 89/100 [31:56<03:57, 21.58s/ep] TrnAcc=0.920 ValAcc=0.831 TrnLoss=0.339 ValLoss=0.623 
Current LR: 0.000052
 90%|##########8 | 90/100 [32:17<03:34, 21.41s/ep] TrnAcc=0.917 ValAcc=0.834 TrnLoss=0.361 ValLoss=0.608 
Current LR: 0.000043
 91%|##########9 | 91/100 [32:39<03:13, 21.52s/ep] TrnAcc=0.918 ValAcc=0.828 TrnLoss=0.382 ValLoss=0.621 
Current LR: 0.000035
 92%|########### | 92/100 [33:01<02:52, 21.56s/ep] TrnAcc=0.936 ValAcc=0.831 TrnLoss=0.334 ValLoss=0.593 
Current LR: 0.000027
 93%|###########1| 93/100 [33:22<02:29, 21.42s/ep] TrnAcc=0.916 ValAcc=0.834 TrnLoss=0.342 ValLoss=0.598 
Current LR: 0.000021
 94%|###########2| 94/100 [33:44<02:08, 21.50s/ep] TrnAcc=0.918 ValAcc=0.841 TrnLoss=0.361 ValLoss=0.595 
Current LR: 0.000015
 95%|###########3| 95/100 [34:05<01:47, 21.52s/ep] TrnAcc=0.923 ValAcc=0.838 TrnLoss=0.353 ValLoss=0.600 
Current LR: 0.000011
 96%|###########5| 96/100 [34:26<01:25, 21.36s/ep] TrnAcc=0.917 ValAcc=0.834 TrnLoss=0.341 ValLoss=0.594 
Current LR: 0.000007
 97%|###########6| 97/100 [34:48<01:04, 21.47s/ep] TrnAcc=0.936 ValAcc=0.831 TrnLoss=0.329 ValLoss=0.589 
Current LR: 0.000004
 98%|###########7| 98/100 [35:10<00:43, 21.53s/ep] TrnAcc=0.923 ValAcc=0.834 TrnLoss=0.351 ValLoss=0.590 
Current LR: 0.000002
 99%|###########8| 99/100 [35:31<00:21, 21.38s/ep] TrnAcc=0.938 ValAcc=0.838 TrnLoss=0.324 ValLoss=0.590 
Current LR: 0.000000
100%|###########| 100/100 [35:52<00:00, 21.52s/ep] TrnAcc=0.912 ValAcc=0.834 TrnLoss=0.360 ValLoss=0.599 
Current LR: 0.000000
100%|###########| 100/100 [35:52<00:00, 21.53s/ep]

test results/2025-07-07-13-06/3
TestAcc    0.772
TestLoss   0.808
dtype: float64

